Microchip MPLAB XC8 Compiler V2.32

Linker command line:

-W-3 --edf=C:\Program Files\Microchip\xc8\v2.32\pic\dat\en_msgs.txt -cn \
  -h+dist/default/production\LCD_Test_Generator_PIC12F1572_PWM.X.production.sym \
  --cmf=dist/default/production\LCD_Test_Generator_PIC12F1572_PWM.X.production.cmf \
  -z -Q12F1572 -oC:\Users\kamor\AppData\Local\Temp\xcAs6s8.4 \
  --defsym=__MPLAB_BUILD=1 \
  -Mdist/default/production/LCD_Test_Generator_PIC12F1572_PWM.X.production.map \
  -E1 -ver=XC8 Compiler --acfsm=1493 -ASTACK=0200Ah-020EFh -pstack=STACK \
  -ACODE=00h-07FFh -ASTRCODE=00h-07FFh -ASTRING=00h-0FFhx8 \
  -ACONST=00h-0FFhx8 -AENTRY=00h-0FFhx8 -ACOMMON=070h-07Fh \
  -ABANK0=020h-06Fh -ABANK1=0A0h-0EFh -ABANK2=0120h-016Fh \
  -ABIGRAM=02000h-020EFh -ARAM=020h-06Fh,0A0h-0EFh,0120h-016Fh \
  -AABS1=020h-07Fh,0A0h-0EFh,0120h-016Fh -ASFR0=00h-01Fh -ASFR1=080h-09Fh \
  -ASFR2=0100h-011Fh -ASFR3=0180h-01EFh -ASFR4=0200h-026Fh \
  -ASFR5=0280h-02EFh -ASFR6=0300h-036Fh -ASFR7=0380h-03EFh \
  -ASFR8=0400h-046Fh -ASFR9=0480h-04EFh -ASFR10=0500h-056Fh \
  -ASFR11=0580h-05EFh -ASFR12=0600h-066Fh -ASFR13=0680h-06EFh \
  -ASFR14=0700h-076Fh -ASFR15=0780h-07EFh -ASFR16=0800h-086Fh \
  -ASFR17=0880h-08EFh -ASFR18=0900h-096Fh -ASFR19=0980h-09EFh \
  -ASFR20=0A00h-0A6Fh -ASFR21=0A80h-0AEFh -ASFR22=0B00h-0B6Fh \
  -ASFR23=0B80h-0BEFh -ASFR24=0C00h-0C6Fh -ASFR25=0C80h-0CEFh \
  -ASFR26=0D00h-0D6Fh -ASFR27=0D80h-0DEFh -ASFR28=0E00h-0E6Fh \
  -ASFR29=0E80h-0EEFh -ASFR30=0F00h-0F6Fh -ASFR31=0F80h-0FEFh \
  -ACONFIG=08007h-08008h -DCONFIG=2 -AIDLOC=08000h-08003h -DIDLOC=2 \
  -DCODE=2 -DSTRCODE=2 -DSTRING=2 -DCONST=2 -DENTRY=2 \
  -preset_vec=00h,intentry,init,end_init -ppowerup=CODE -pcinit=CODE \
  -pfunctab=ENTRY -k C:\Users\kamor\AppData\Local\Temp\xcAs6s8.o \
  dist/default/production\LCD_Test_Generator_PIC12F1572_PWM.X.production.o 

Object code version is 3.11

Machine type is 12F1572



                Name                               Link     Load   Length Selector   Space Scale
C:\Users\kamor\AppData\Local\Temp\xcAs6s8.o
                end_init                              1        1        1        0       0
                reset_vec                             0        0        1        0       0
                config                             8007     8007        2        0       4
dist/default/production\LCD_Test_Generator_PIC12F1572_PWM.X.production.o
                cinit                               7FE      7FE        2      FFC       0
                config                             8007     8007        2        0       4
                text12                              76E      76E       90      EDC       0
                text11                              729      729       1A      E52       0
                text10                              6C2      6C2        6      D84       0
                text9                               6B8      6B8        3      D70       0
                text8                               6C8      6C8        6      D90       0
                text7                               6BB      6BB        3      D76       0
                text6                               6CE      6CE        7      D9C       0
                text5                               711      711       18      E22       0
                text4                               6E5      6E5       16      DCA       0
                text3                               6FB      6FB       16      DF6       0
                text2                               6BE      6BE        4      D7C       0
                text1                               6D5      6D5       10      DAA       0
                maintext                            743      743       2B      E86       0
                cstackBANK0                          20       20        A       20       1
                cstackCOMMON                         70       70        B       70       1
                stringtext1                         6B6      6B6        2      D6C       0

TOTAL           Name                               Link     Load   Length     Space
        CLASS   STACK          

        CLASS   CODE           
                end_init                              1        1        1         0
                cinit                               7FE      7FE        2         0
                reset_vec                             0        0        1         0
                text12                              76E      76E       90         0
                text11                              729      729       1A         0
                text10                              6C2      6C2        6         0
                text9                               6B8      6B8        3         0
                text8                               6C8      6C8        6         0
                text7                               6BB      6BB        3         0
                text6                               6CE      6CE        7         0
                text5                               711      711       18         0
                text4                               6E5      6E5       16         0
                text3                               6FB      6FB       16         0
                text2                               6BE      6BE        4         0
                text1                               6D5      6D5       10         0
                maintext                            743      743       2B         0

        CLASS   STRCODE        
                stringtext1                         6B6      6B6        2         0

        CLASS   STRING         

        CLASS   CONST          

        CLASS   ENTRY          

        CLASS   COMMON         
                cstackCOMMON                         70       70        B         1

        CLASS   BANK0          
                cstackBANK0                          20       20        A         1

        CLASS   BANK1          

        CLASS   BANK2          

        CLASS   BIGRAM         

        CLASS   RAM            

        CLASS   ABS1           
                abs_s1                               7E       7E        2         1

        CLASS   SFR0           

        CLASS   SFR1           

        CLASS   SFR2           

        CLASS   SFR3           

        CLASS   SFR4           

        CLASS   SFR5           

        CLASS   SFR6           

        CLASS   SFR7           

        CLASS   SFR8           

        CLASS   SFR9           

        CLASS   SFR10          

        CLASS   SFR11          

        CLASS   SFR12          

        CLASS   SFR13          

        CLASS   SFR14          

        CLASS   SFR15          

        CLASS   SFR16          

        CLASS   SFR17          

        CLASS   SFR18          

        CLASS   SFR19          

        CLASS   SFR20          

        CLASS   SFR21          

        CLASS   SFR22          

        CLASS   SFR23          

        CLASS   SFR24          

        CLASS   SFR25          

        CLASS   SFR26          

        CLASS   SFR27          

        CLASS   SFR28          

        CLASS   SFR29          

        CLASS   SFR30          

        CLASS   SFR31          

        CLASS   CONFIG         
                config                             8007     8007        2         4

        CLASS   IDLOC          

        CLASS   BANK31         

        CLASS   BANK30         

        CLASS   BANK29         

        CLASS   BANK28         

        CLASS   BANK27         

        CLASS   BANK26         

        CLASS   BANK25         

        CLASS   BANK24         

        CLASS   BANK23         

        CLASS   BANK22         

        CLASS   BANK21         

        CLASS   BANK20         

        CLASS   BANK19         

        CLASS   BANK18         

        CLASS   BANK17         

        CLASS   BANK16         

        CLASS   BANK15         

        CLASS   BANK14         

        CLASS   BANK13         

        CLASS   BANK12         

        CLASS   BANK11         

        CLASS   BANK10         

        CLASS   BANK9          

        CLASS   BANK8          

        CLASS   BANK7          

        CLASS   BANK6          

        CLASS   BANK5          

        CLASS   BANK4          

        CLASS   BANK3          

        CLASS   EEDATA         



SEGMENTS        Name                           Load    Length   Top    Selector   Space  Class     Delta

                reset_vec                      000000  000002  000002         0       0  CODE        2
                cstackBANK0                    000020  00000A  00002A        20       1  BANK0       1
                cstackCOMMON                   000070  00000B  00007B        70       1  COMMON      1
                stringtext1                    0006B6  000002  0006B8       D6C       0  STRCODE     2
                text9                          0006B8  000003  0006BB       D70       0  CODE        2
                text7                          0006BB  000003  0006BE       D76       0  CODE        2
                text2                          0006BE  000004  0006C2       D7C       0  CODE        2
                text10                         0006C2  000006  0006C8       D84       0  CODE        2
                text8                          0006C8  000006  0006CE       D90       0  CODE        2
                text6                          0006CE  000007  0006D5       D9C       0  CODE        2
                text1                          0006D5  000010  0006E5       DAA       0  CODE        2
                text4                          0006E5  000016  0006FB       DCA       0  CODE        2
                text3                          0006FB  000016  000711       DF6       0  CODE        2
                text5                          000711  000018  000729       E22       0  CODE        2
                text11                         000729  00001A  000743       E52       0  CODE        2
                maintext                       000743  00002B  00076E       E86       0  CODE        2
                text12                         00076E  000090  0007FE       EDC       0  CODE        2
                cinit                          0007FE  000002  000800       FFC       0  CODE        2


UNUSED ADDRESS RANGES

        Name                Unused          Largest block    Delta
        BANK0            0002A-0006F              46           1
        BANK1            000A0-000EF              50           1
        BANK2            00120-0016F              50           1
        BIGRAM           02000-020EF              F0           1
        CODE             00002-006B5             6B4           2
        COMMON           0007B-0007D               3           1
        CONST            00002-006B5             100           2
        ENTRY            00002-006B5             100           2
        IDLOC            08000-08003               4           2
        RAM              0002A-0006F              46           1
                         000A0-000EF              50
                         00120-0016F              50
        SFR0             00000-0001F              20           1
        SFR1             00080-0009F              20           1
        SFR10            00500-0056F              70           1
        SFR11            00580-005EF              70           1
        SFR12            00600-0066F              70           1
        SFR13            00680-006EF              70           1
        SFR14            00700-0076F              70           1
        SFR15            00780-007EF              70           1
        SFR16            00800-0086F              70           1
        SFR17            00880-008EF              70           1
        SFR18            00900-0096F              70           1
        SFR19            00980-009EF              70           1
        SFR2             00100-0011F              20           1
        SFR20            00A00-00A6F              70           1
        SFR21            00A80-00AEF              70           1
        SFR22            00B00-00B6F              70           1
        SFR23            00B80-00BEF              70           1
        SFR24            00C00-00C6F              70           1
        SFR25            00C80-00CEF              70           1
        SFR26            00D00-00D6F              70           1
        SFR27            00D80-00DEF              70           1
        SFR28            00E00-00E6F              70           1
        SFR29            00E80-00EEF              70           1
        SFR3             00180-001EF              70           1
        SFR30            00F00-00F6F              70           1
        SFR31            00F80-00FEF              70           1
        SFR4             00200-0026F              70           1
        SFR5             00280-002EF              70           1
        SFR6             00300-0036F              70           1
        SFR7             00380-003EF              70           1
        SFR8             00400-0046F              70           1
        SFR9             00480-004EF              70           1
        STACK            0200A-020EF              E6           1
        STRCODE          00002-006B5             6B4           2
        STRING           00002-006B5             100           2

                                  Symbol Table

?_Freq_to_Toggle_Period          cstackBANK0  00026
?___aldiv                        cstackCOMMON 00070
Freq_to_Toggle_Period@freq       cstackBANK0  00026
PWM1_PeriodSet@periodCount       cstackCOMMON 00070
PWM2_PeriodSet@periodCount       cstackCOMMON 00070
_ANSELA                          (abs)        0018C
_APFCON                          (abs)        0011D
_BORCON                          (abs)        00116
_Freq_to_Toggle_Period           text11       00729
_INLVLA                          (abs)        0038C
_LATA                            (abs)        0010C
_ODCONA                          (abs)        0028C
_OPTION_REGbits                  (abs)        00095
_OSCCON                          (abs)        00099
_OSCILLATOR_Initialize           text6        006CE
_OSCTUNE                         (abs)        00098
_PIN_MANAGER_Initialize          text5        00711
_PWM1CLKCON                      (abs)        00D9E
_PWM1CON                         (abs)        00D9B
_PWM1CONbits                     (abs)        00D9B
_PWM1DCH                         (abs)        00D94
_PWM1DCL                         (abs)        00D93
_PWM1INTE                        (abs)        00D9C
_PWM1INTF                        (abs)        00D9D
_PWM1INTFbits                    (abs)        00D9D
_PWM1LDCON                       (abs)        00D9F
_PWM1LDCONbits                   (abs)        00D9F
_PWM1OFCON                       (abs)        00DA0
_PWM1OFH                         (abs)        00D98
_PWM1OFL                         (abs)        00D97
_PWM1PHH                         (abs)        00D92
_PWM1PHL                         (abs)        00D91
_PWM1PRH                         (abs)        00D96
_PWM1PRL                         (abs)        00D95
_PWM1TMRH                        (abs)        00D9A
_PWM1TMRL                        (abs)        00D99
_PWM1_Initialize                 text4        006E5
_PWM1_PeriodSet                  text10       006C2
_PWM1_Start                      text9        006B8
_PWM2CLKCON                      (abs)        00DAE
_PWM2CON                         (abs)        00DAB
_PWM2CONbits                     (abs)        00DAB
_PWM2DCH                         (abs)        00DA4
_PWM2DCL                         (abs)        00DA3
_PWM2INTE                        (abs)        00DAC
_PWM2INTF                        (abs)        00DAD
_PWM2INTFbits                    (abs)        00DAD
_PWM2LDCON                       (abs)        00DAF
_PWM2LDCONbits                   (abs)        00DAF
_PWM2OFCON                       (abs)        00DB0
_PWM2OFH                         (abs)        00DA8
_PWM2OFL                         (abs)        00DA7
_PWM2PHH                         (abs)        00DA2
_PWM2PHL                         (abs)        00DA1
_PWM2PRH                         (abs)        00DA6
_PWM2PRL                         (abs)        00DA5
_PWM2TMRH                        (abs)        00DAA
_PWM2TMRL                        (abs)        00DA9
_PWM2_Initialize                 text3        006FB
_PWM2_PeriodSet                  text8        006C8
_PWM2_Start                      text7        006BB
_SLRCONA                         (abs)        0030C
_SYSTEM_Initialize               text1        006D5
_TRISA                           (abs)        0008C
_WDTCON                          (abs)        00097
_WDT_Initialize                  text2        006BE
_WPUA                            (abs)        0020C
__Habs1                          abs1         00000
__Hbank0                         bank0        00000
__Hbank1                         bank1        00000
__Hbank10                        bank10       00000
__Hbank11                        bank11       00000
__Hbank12                        bank12       00000
__Hbank13                        bank13       00000
__Hbank14                        bank14       00000
__Hbank15                        bank15       00000
__Hbank16                        bank16       00000
__Hbank17                        bank17       00000
__Hbank18                        bank18       00000
__Hbank19                        bank19       00000
__Hbank2                         bank2        00000
__Hbank20                        bank20       00000
__Hbank21                        bank21       00000
__Hbank22                        bank22       00000
__Hbank23                        bank23       00000
__Hbank24                        bank24       00000
__Hbank25                        bank25       00000
__Hbank26                        bank26       00000
__Hbank27                        bank27       00000
__Hbank28                        bank28       00000
__Hbank29                        bank29       00000
__Hbank3                         bank3        00000
__Hbank30                        bank30       00000
__Hbank31                        bank31       00000
__Hbank4                         bank4        00000
__Hbank5                         bank5        00000
__Hbank6                         bank6        00000
__Hbank7                         bank7        00000
__Hbank8                         bank8        00000
__Hbank9                         bank9        00000
__Hbigram                        bigram       00000
__Hcinit                         cinit        00800
__Hclrtext                       clrtext      00000
__Hcode                          code         00000
__Hcommon                        common       00000
__Hconfig                        config       08009
__HcstackBANK0                   cstackBANK0  00000
__HcstackCOMMON                  cstackCOMMON 00000
__Heeprom_data                   eeprom_data  00000
__Hend_init                      end_init     00002
__Hfunctab                       functab      00000
__Hinit                          init         00001
__Hintentry                      intentry     00001
__Hmaintext                      maintext     00000
__Hpowerup                       powerup      00000
__Hram                           ram          00000
__Hreset_vec                     reset_vec    00001
__Hsfr0                          sfr0         00000
__Hsfr1                          sfr1         00000
__Hsfr10                         sfr10        00000
__Hsfr11                         sfr11        00000
__Hsfr12                         sfr12        00000
__Hsfr13                         sfr13        00000
__Hsfr14                         sfr14        00000
__Hsfr15                         sfr15        00000
__Hsfr16                         sfr16        00000
__Hsfr17                         sfr17        00000
__Hsfr18                         sfr18        00000
__Hsfr19                         sfr19        00000
__Hsfr2                          sfr2         00000
__Hsfr20                         sfr20        00000
__Hsfr21                         sfr21        00000
__Hsfr22                         sfr22        00000
__Hsfr23                         sfr23        00000
__Hsfr24                         sfr24        00000
__Hsfr25                         sfr25        00000
__Hsfr26                         sfr26        00000
__Hsfr27                         sfr27        00000
__Hsfr28                         sfr28        00000
__Hsfr29                         sfr29        00000
__Hsfr3                          sfr3         00000
__Hsfr30                         sfr30        00000
__Hsfr31                         sfr31        00000
__Hsfr4                          sfr4         00000
__Hsfr5                          sfr5         00000
__Hsfr6                          sfr6         00000
__Hsfr7                          sfr7         00000
__Hsfr8                          sfr8         00000
__Hsfr9                          sfr9         00000
__Hspace_0                       (abs)        00800
__Hspace_1                       (abs)        0007B
__Hspace_2                       (abs)        00000
__Hspace_3                       (abs)        00000
__Hspace_4                       (abs)        10010
__Hstack                         stack        00000
__Hstrings                       strings      00000
__Hstringtext1                   stringtext1  00000
__Htext                          text         00000
__Labs1                          abs1         00000
__Lbank0                         bank0        00000
__Lbank1                         bank1        00000
__Lbank10                        bank10       00000
__Lbank11                        bank11       00000
__Lbank12                        bank12       00000
__Lbank13                        bank13       00000
__Lbank14                        bank14       00000
__Lbank15                        bank15       00000
__Lbank16                        bank16       00000
__Lbank17                        bank17       00000
__Lbank18                        bank18       00000
__Lbank19                        bank19       00000
__Lbank2                         bank2        00000
__Lbank20                        bank20       00000
__Lbank21                        bank21       00000
__Lbank22                        bank22       00000
__Lbank23                        bank23       00000
__Lbank24                        bank24       00000
__Lbank25                        bank25       00000
__Lbank26                        bank26       00000
__Lbank27                        bank27       00000
__Lbank28                        bank28       00000
__Lbank29                        bank29       00000
__Lbank3                         bank3        00000
__Lbank30                        bank30       00000
__Lbank31                        bank31       00000
__Lbank4                         bank4        00000
__Lbank5                         bank5        00000
__Lbank6                         bank6        00000
__Lbank7                         bank7        00000
__Lbank8                         bank8        00000
__Lbank9                         bank9        00000
__Lbigram                        bigram       00000
__Lcinit                         cinit        007FE
__Lclrtext                       clrtext      00000
__Lcode                          code         00000
__Lcommon                        common       00000
__Lconfig                        config       00000
__LcstackBANK0                   cstackBANK0  00000
__LcstackCOMMON                  cstackCOMMON 00000
__Leeprom_data                   eeprom_data  00000
__Lend_init                      end_init     00001
__Lfunctab                       functab      00000
__Linit                          init         00001
__Lintentry                      intentry     00001
__Lmaintext                      maintext     00000
__Lpowerup                       powerup      00000
__Lram                           ram          00000
__Lreset_vec                     reset_vec    00000
__Lsfr0                          sfr0         00000
__Lsfr1                          sfr1         00000
__Lsfr10                         sfr10        00000
__Lsfr11                         sfr11        00000
__Lsfr12                         sfr12        00000
__Lsfr13                         sfr13        00000
__Lsfr14                         sfr14        00000
__Lsfr15                         sfr15        00000
__Lsfr16                         sfr16        00000
__Lsfr17                         sfr17        00000
__Lsfr18                         sfr18        00000
__Lsfr19                         sfr19        00000
__Lsfr2                          sfr2         00000
__Lsfr20                         sfr20        00000
__Lsfr21                         sfr21        00000
__Lsfr22                         sfr22        00000
__Lsfr23                         sfr23        00000
__Lsfr24                         sfr24        00000
__Lsfr25                         sfr25        00000
__Lsfr26                         sfr26        00000
__Lsfr27                         sfr27        00000
__Lsfr28                         sfr28        00000
__Lsfr29                         sfr29        00000
__Lsfr3                          sfr3         00000
__Lsfr30                         sfr30        00000
__Lsfr31                         sfr31        00000
__Lsfr4                          sfr4         00000
__Lsfr5                          sfr5         00000
__Lsfr6                          sfr6         00000
__Lsfr7                          sfr7         00000
__Lsfr8                          sfr8         00000
__Lsfr9                          sfr9         00000
__Lspace_0                       (abs)        00000
__Lspace_1                       (abs)        00000
__Lspace_2                       (abs)        00000
__Lspace_3                       (abs)        00000
__Lspace_4                       (abs)        00000
__Lstack                         stack        00000
__Lstrings                       strings      00000
__Lstringtext1                   stringtext1  00000
__Ltext                          text         00000
__S0                             (abs)        00800
__S1                             (abs)        0007B
__S2                             (abs)        00000
___aldiv                         text12       0076E
___aldiv@counter                 cstackBANK0  00020
___aldiv@dividend                cstackCOMMON 00074
___aldiv@divisor                 cstackCOMMON 00070
___aldiv@quotient                cstackBANK0  00022
___aldiv@sign                    cstackBANK0  00021
___int_sp                        stack        00000
___latbits                       (abs)        00000
___sp                            stack        00000
___stackhi                       (abs)        020EF
___stacklo                       (abs)        0200A
__end_of_Freq_to_Toggle_Period   text11       00743
__end_of_OSCILLATOR_Initialize   text6        006D5
__end_of_PIN_MANAGER_Initialize  text5        00729
__end_of_PWM1_Initialize         text4        006FB
__end_of_PWM1_PeriodSet          text10       006C8
__end_of_PWM1_Start              text9        006BB
__end_of_PWM2_Initialize         text3        00711
__end_of_PWM2_PeriodSet          text8        006CE
__end_of_PWM2_Start              text7        006BE
__end_of_PWM_FREQ                stringtext1  006B8
__end_of_SYSTEM_Initialize       text1        006E5
__end_of_WDT_Initialize          text2        006C2
__end_of___aldiv                 text12       007FE
__end_of__initialization         cinit        007FE
__end_of_main                    maintext     0076E
__initialization                 cinit        007FE
__pcstackBANK0                   cstackBANK0  00020
__pcstackCOMMON                  cstackCOMMON 00070
__pmaintext                      maintext     00743
__pstringtext1                   stringtext1  006B6
__ptext1                         text1        006D5
__ptext10                        text10       006C2
__ptext11                        text11       00729
__ptext12                        text12       0076E
__ptext2                         text2        006BE
__ptext3                         text3        006FB
__ptext4                         text4        006E5
__ptext5                         text5        00711
__ptext6                         text6        006CE
__ptext7                         text7        006BB
__ptext8                         text8        006C8
__ptext9                         text9        006B8
__size_of_Freq_to_Toggle_Period  (abs)        00000
__size_of_OSCILLATOR_Initialize  (abs)        00000
__size_of_PIN_MANAGER_Initialize (abs)        00000
__size_of_PWM1_Initialize        (abs)        00000
__size_of_PWM1_PeriodSet         (abs)        00000
__size_of_PWM1_Start             (abs)        00000
__size_of_PWM2_Initialize        (abs)        00000
__size_of_PWM2_PeriodSet         (abs)        00000
__size_of_PWM2_Start             (abs)        00000
__size_of_SYSTEM_Initialize      (abs)        00000
__size_of_WDT_Initialize         (abs)        00000
__size_of___aldiv                (abs)        00000
__size_of_main                   (abs)        00000
_main                            maintext     00743
btemp                            (abs)        0007E
end_of_initialization            cinit        007FE
intlevel0                        functab      00000
intlevel1                        functab      00000
intlevel2                        functab      00000
intlevel3                        functab      00000
intlevel4                        functab      00000
intlevel5                        functab      00000
main@period                      cstackCOMMON 00079
reset_vec                        reset_vec    00000
start                            init         00001
start_initialization             cinit        007FE
wtemp0                           (abs)        0007E


MODULE INFORMATION

Module		Function		Class		Link	Load	Size
C:\Program Files\Microchip\xc8\v2.32\pic\sources\c99\common\aldiv.c
		___aldiv       		CODE           	076E	0000	144

C:\Program Files\Microchip\xc8\v2.32\pic\sources\c99\common\aldiv.c estimated size: 144

mcc_generated_files/pwm2.c
		_PWM2_PeriodSet		CODE           	06C8	0000	6
		_PWM2_Initialize		CODE           	06FB	0000	22
		_PWM2_Start    		CODE           	06BB	0000	3

mcc_generated_files/pwm2.c estimated size: 31

mcc_generated_files/pin_manager.c
		_PIN_MANAGER_Initialize		CODE           	0711	0000	24

mcc_generated_files/pin_manager.c estimated size: 24

shared
		__initialization		CODE           	07FE	0000	1
		_PWM_FREQ      		STRCODE        	0000	0000	0

shared estimated size: 1

mcc_generated_files/mcc.c
		_WDT_Initialize		CODE           	06BE	0000	4
		_OSCILLATOR_Initialize		CODE           	06CE	0000	7
		_SYSTEM_Initialize		CODE           	06D5	0000	16

mcc_generated_files/mcc.c estimated size: 27

mcc_generated_files/pwm1.c
		_PWM1_Initialize		CODE           	06E5	0000	22
		_PWM1_Start    		CODE           	06B8	0000	3
		_PWM1_PeriodSet		CODE           	06C2	0000	6

mcc_generated_files/pwm1.c estimated size: 31

main.c
		_main          		CODE           	0743	0000	43
		_Freq_to_Toggle_Period		CODE           	0729	0000	26

main.c estimated size: 69

